../drivers/src/stm32f407xx_i2c_driver.c:10:7:I2C_GenerateStartCondition	16	static
../drivers/src/stm32f407xx_i2c_driver.c:14:7:I2C_ExecuteAddressPhase	16	static
../drivers/src/stm32f407xx_i2c_driver.c:19:7:I2C_SB_EV	8	static
../drivers/src/stm32f407xx_i2c_driver.c:33:7:I2C_ADDR_EV	56	static
../drivers/src/stm32f407xx_i2c_driver.c:38:7:I2C_ADDR_MstrClear	8	static
../drivers/src/stm32f407xx_i2c_driver.c:55:7:I2C_ADDR_SlvClear	8	static
../drivers/src/stm32f407xx_i2c_driver.c:59:7:I2C_BTF_EV	48	static
../drivers/src/stm32f407xx_i2c_driver.c:81:7:I2C_ADD10_EV	4	static
../drivers/src/stm32f407xx_i2c_driver.c:84:7:I2C_STOPF_EV	48	static
../drivers/src/stm32f407xx_i2c_driver.c:93:7:I2C_RXNE_EV	48	static
../drivers/src/stm32f407xx_i2c_driver.c:114:7:I2C_TXE_EV	48	static
../drivers/src/stm32f407xx_i2c_driver.c:134:7:I2C_BERR_EV	48	static
../drivers/src/stm32f407xx_i2c_driver.c:142:7:I2C_ARLO_EV	48	static
../drivers/src/stm32f407xx_i2c_driver.c:149:7:I2C_AF_EV	48	static
../drivers/src/stm32f407xx_i2c_driver.c:158:7:I2C_OVR_EV	48	static
../drivers/src/stm32f407xx_i2c_driver.c:166:7:I2C_PECERR_EV	8	static
../drivers/src/stm32f407xx_i2c_driver.c:169:7:I2C_TIMEOUT_EV	48	static
../drivers/src/stm32f407xx_i2c_driver.c:177:7:I2C_SMBALERT_EV	4	static
../drivers/src/stm32f407xx_i2c_driver.c:181:6:I2C_GenerateStopCondition	16	static
../drivers/src/stm32f407xx_i2c_driver.c:185:6:I2C_SlaveEnableDisableCallbackEvents	16	static
../drivers/src/stm32f407xx_i2c_driver.c:207:6:I2C_PeripheralControl	16	static
../drivers/src/stm32f407xx_i2c_driver.c:239:6:I2C_Init	40	static
../drivers/src/stm32f407xx_i2c_driver.c:265:7:ConfigureCCRVal	16	static
../drivers/src/stm32f407xx_i2c_driver.c:284:7:ConfigureTRISEVal	8	static
../drivers/src/stm32f407xx_i2c_driver.c:309:6:I2C_DeInit	16	static
../drivers/src/stm32f407xx_i2c_driver.c:313:6:I2C_MasterSendData	40	static
../drivers/src/stm32f407xx_i2c_driver.c:361:6:I2C_MasterReceiveData	48	static
../drivers/src/stm32f407xx_i2c_driver.c:439:6:I2C_ManageAcking	16	static
../drivers/src/stm32f407xx_i2c_driver.c:457:6:I2C_IRQInterruptConfig	16	static
../drivers/src/stm32f407xx_i2c_driver.c:476:6:I2C_IRQPriorityConfig	16	static
../drivers/src/stm32f407xx_i2c_driver.c:494:9:I2C_MasterSendDataIT	16	static
../drivers/src/stm32f407xx_i2c_driver.c:529:9:I2C_MasterReceiveDataIT	16	static
../drivers/src/stm32f407xx_i2c_driver.c:550:7:I2C_MasterHandleTXEInterrupt	8	static
../drivers/src/stm32f407xx_i2c_driver.c:566:7:I2C_MasterHandleRXNEInterrupt	48	static
../drivers/src/stm32f407xx_i2c_driver.c:601:6:I2C_CloseReceiveData	8	static
../drivers/src/stm32f407xx_i2c_driver.c:616:6:I2C_CloseSendData	8	static
../drivers/src/stm32f407xx_i2c_driver.c:625:6:I2C_SlaveSendData	16	static
../drivers/src/stm32f407xx_i2c_driver.c:629:9:I2C_SlaveReceiveData	16	static
../drivers/src/stm32f407xx_i2c_driver.c:632:7:I2C_NULL_EV	8	static
../drivers/src/stm32f407xx_i2c_driver.c:635:6:I2C_EV_IRQHandling	112	static
../drivers/src/stm32f407xx_i2c_driver.c:658:6:I2C_ER_IRQHandling	40	static
../drivers/src/stm32f407xx_i2c_driver.c:661:13:I2C_ApplicationEventCallback	8	static
