../drivers/src/stm32f407xx_spi_driver.c:17:6:SPI_PeriClockControl	16	static
../drivers/src/stm32f407xx_spi_driver.c:41:6:SPI_Init	32	static
../drivers/src/stm32f407xx_spi_driver.c:75:7:SPI_Init_Bus_Config	8	static
../drivers/src/stm32f407xx_spi_driver.c:105:6:SPI_DeInit	16	static
../drivers/src/stm32f407xx_spi_driver.c:124:6:SPI_SendData	24	static
../drivers/src/stm32f407xx_spi_driver.c:162:6:SPI_ReceiveData	24	static
../drivers/src/stm32f407xx_spi_driver.c:201:6:SPI_PeripheralControl	16	static
../drivers/src/stm32f407xx_spi_driver.c:219:6:SPI_SSIConfig	16	static
../drivers/src/stm32f407xx_spi_driver.c:237:6:SPI_SSOEConfig	16	static
../drivers/src/stm32f407xx_spi_driver.c:255:6:SPI_IRQInterruptConfig	16	static
../drivers/src/stm32f407xx_spi_driver.c:273:6:SPI_IRQPriorityConfig	16	static
../drivers/src/stm32f407xx_spi_driver.c:277:9:SPI_SendDataIT	16	static
../drivers/src/stm32f407xx_spi_driver.c:296:9:SPI_ReceiveDataIT	16	static
../drivers/src/stm32f407xx_spi_driver.c:316:6:SPI_RXNE_EV	32	static
../drivers/src/stm32f407xx_spi_driver.c:340:6:SPI_TXE_EV	32	static
../drivers/src/stm32f407xx_spi_driver.c:366:6:SPI_CHSIDE_EV	8	static
../drivers/src/stm32f407xx_spi_driver.c:369:6:SPI_UDR_EV	8	static
../drivers/src/stm32f407xx_spi_driver.c:372:6:SPI_CRCERR_EV	8	static
../drivers/src/stm32f407xx_spi_driver.c:375:6:SPI_MODF_EV	8	static
../drivers/src/stm32f407xx_spi_driver.c:378:6:SPI_OVR_EV	32	static
../drivers/src/stm32f407xx_spi_driver.c:388:6:SPI_BSY_EV	8	static
../drivers/src/stm32f407xx_spi_driver.c:391:6:SPI_FRE_EV	8	static
../drivers/src/stm32f407xx_spi_driver.c:395:6:SPI_IRQHandling	72	static
../drivers/src/stm32f407xx_spi_driver.c:406:6:SPI_CloseTransmisson	8	static
../drivers/src/stm32f407xx_spi_driver.c:414:6:SPI_CloseReception	8	static
../drivers/src/stm32f407xx_spi_driver.c:421:6:SPI_ClearOVRFlag	16	static
../drivers/src/stm32f407xx_spi_driver.c:425:9:SPI_GetFlagStatus	16	static
../drivers/src/stm32f407xx_spi_driver.c:433:13:SPI_ApplicationEventCallback	8	static
