../drivers/src/stm32f407xx_usart_driver.c:17:6:USART_SetBaudRate	48	static
../drivers/src/stm32f407xx_usart_driver.c:76:6:USART_Init	40	static
../drivers/src/stm32f407xx_usart_driver.c:118:13:USART_Init_ModeConfig	8	static
../drivers/src/stm32f407xx_usart_driver.c:124:13:USART_Init_ParityConfig	8	static
../drivers/src/stm32f407xx_usart_driver.c:131:13:USART_Init_HWFlowCtrlConfig	8	static
../drivers/src/stm32f407xx_usart_driver.c:151:6:USART_PeripheralControl	16	static
../drivers/src/stm32f407xx_usart_driver.c:169:6:USART_PeriClockControl	16	static
../drivers/src/stm32f407xx_usart_driver.c:210:6:USART_SendData	16	static
../drivers/src/stm32f407xx_usart_driver.c:269:6:USART_ReceiveData	16	static
../drivers/src/stm32f407xx_usart_driver.c:342:9:USART_SendDataIT	16	static
../drivers/src/stm32f407xx_usart_driver.c:376:9:USART_ReceiveDataIT	16	static
../drivers/src/stm32f407xx_usart_driver.c:412:6:USART_ClearFlag	16	static
../drivers/src/stm32f407xx_usart_driver.c:431:6:USART_IRQInterruptConfig	16	static
../drivers/src/stm32f407xx_usart_driver.c:484:6:USART_IRQPriorityConfig	16	static
../drivers/src/stm32f407xx_usart_driver.c:502:6:USART_IRQHandling	56	static
../drivers/src/stm32f407xx_usart_driver.c:775:13:USART_ApplicationEventCallback	8	static
