../drivers/src/stm32f407xx_i2c_driver.c:12:13:I2C_GenerateStartCondition	16	static
../drivers/src/stm32f407xx_i2c_driver.c:19:13:I2C_ExecuteAddressPhaseWrite	16	static
../drivers/src/stm32f407xx_i2c_driver.c:27:13:I2C_ExecuteAddressPhaseRead	16	static
../drivers/src/stm32f407xx_i2c_driver.c:35:13:I2C_ClearADDRFlag	16	static
../drivers/src/stm32f407xx_i2c_driver.c:79:7:I2C_GenerateStopCondition	16	static
../drivers/src/stm32f407xx_i2c_driver.c:85:7:I2C_SlaveEnableDisableCallbackEvents	16	static
../drivers/src/stm32f407xx_i2c_driver.c:115:6:I2C_PeripheralControl	16	static
../drivers/src/stm32f407xx_i2c_driver.c:143:6:I2C_PeriClockControl	16	static
../drivers/src/stm32f407xx_i2c_driver.c:182:6:I2C_Init	16	static
../drivers/src/stm32f407xx_i2c_driver.c:261:6:I2C_DeInit	16	static
../drivers/src/stm32f407xx_i2c_driver.c:267:9:I2C_GetFlagStatus	16	static
../drivers/src/stm32f407xx_i2c_driver.c:278:6:I2C_MasterSendData	40	static
../drivers/src/stm32f407xx_i2c_driver.c:324:6:I2C_MasterReceiveData	48	static
../drivers/src/stm32f407xx_i2c_driver.c:406:6:I2C_ManageAcking	16	static
../drivers/src/stm32f407xx_i2c_driver.c:433:6:I2C_IRQInterruptConfig	16	static
../drivers/src/stm32f407xx_i2c_driver.c:488:6:I2C_IRQPriorityConfig	24	static
../drivers/src/stm32f407xx_i2c_driver.c:514:9:I2C_MasterSendDataIT	16	static
../drivers/src/stm32f407xx_i2c_driver.c:558:9:I2C_MasterReceiveDataIT	16	static
../drivers/src/stm32f407xx_i2c_driver.c:587:13:I2C_MasterHandleTXEInterrupt	8	static
../drivers/src/stm32f407xx_i2c_driver.c:605:13:I2C_MasterHandleRXNEInterrupt	48	static
../drivers/src/stm32f407xx_i2c_driver.c:647:6:I2C_CloseReceiveData	8	static
../drivers/src/stm32f407xx_i2c_driver.c:667:6:I2C_CloseSendData	8	static
../drivers/src/stm32f407xx_i2c_driver.c:682:6:I2C_SlaveSendData	16	static
../drivers/src/stm32f407xx_i2c_driver.c:687:9:I2C_SlaveReceiveData	16	static
../drivers/src/stm32f407xx_i2c_driver.c:694:6:I2C_EV_IRQHandling	64	static
../drivers/src/stm32f407xx_i2c_driver.c:853:6:I2C_ER_IRQHandling	56	static
