../drivers/src/stm32f407xx_usart_driver.c:19:6:USART_SetBaudRate	48	static
../drivers/src/stm32f407xx_usart_driver.c:78:6:USART_Init	40	static
../drivers/src/stm32f407xx_usart_driver.c:115:7:USART_Init_ModeConfig	8	static
../drivers/src/stm32f407xx_usart_driver.c:121:7:USART_Init_ParityConfig	8	static
../drivers/src/stm32f407xx_usart_driver.c:128:7:USART_Init_HWFlowCtrlConfig	8	static
../drivers/src/stm32f407xx_usart_driver.c:148:6:USART_PeripheralControl	16	static
../drivers/src/stm32f407xx_usart_driver.c:166:6:USART_PeriClockControl	16	static
../drivers/src/stm32f407xx_usart_driver.c:207:6:USART_SendData	16	static
../drivers/src/stm32f407xx_usart_driver.c:266:6:USART_ReceiveData	16	static
../drivers/src/stm32f407xx_usart_driver.c:335:9:USART_SendDataIT	16	static
../drivers/src/stm32f407xx_usart_driver.c:364:9:USART_ReceiveDataIT	16	static
../drivers/src/stm32f407xx_usart_driver.c:399:6:USART_ClearFlag	16	static
../drivers/src/stm32f407xx_usart_driver.c:418:6:USART_IRQInterruptConfig	16	static
../drivers/src/stm32f407xx_usart_driver.c:436:6:USART_IRQPriorityConfig	16	static
../drivers/src/stm32f407xx_usart_driver.c:454:7:USART_PE_EV	8	static
../drivers/src/stm32f407xx_usart_driver.c:457:7:USART_FE_EV	40	static
../drivers/src/stm32f407xx_usart_driver.c:465:7:USART_NF_EV	40	static
../drivers/src/stm32f407xx_usart_driver.c:473:7:USART_ORE_EV	40	static
../drivers/src/stm32f407xx_usart_driver.c:480:7:USART_IDLE_EV	40	static
../drivers/src/stm32f407xx_usart_driver.c:487:7:USART_RXNE_EV	40	static
../drivers/src/stm32f407xx_usart_driver.c:551:7:USART_TC_EV	40	static
../drivers/src/stm32f407xx_usart_driver.c:576:7:USART_TXE_EV	16	static
../drivers/src/stm32f407xx_usart_driver.c:619:7:USART_LBD_EV	8	static
../drivers/src/stm32f407xx_usart_driver.c:622:7:USART_CTS_EV	40	static
../drivers/src/stm32f407xx_usart_driver.c:629:6:USART_IRQHandling	88	static
../drivers/src/stm32f407xx_usart_driver.c:662:13:USART_ApplicationEventCallback	8	static
