Archive member included to satisfy reference by file (symbol)

c:/st/stm32cubeide_1.11.0/stm32cubeide/plugins/com.st.stm32cube.ide.mcu.externaltools.gnu-tools-for-stm32.10.3-2021.10.win32_1.0.200.202301161003/tools/bin/../lib/gcc/arm-none-eabi/10.3.1/../../../../arm-none-eabi/lib/thumb/v7e-m/nofp\libc.a(lib_a-exit.o)
                              c:/st/stm32cubeide_1.11.0/stm32cubeide/plugins/com.st.stm32cube.ide.mcu.externaltools.gnu-tools-for-stm32.10.3-2021.10.win32_1.0.200.202301161003/tools/bin/../lib/gcc/arm-none-eabi/10.3.1/../../../../arm-none-eabi/lib/thumb/v7e-m/nofp/rdimon-crt0.o (exit)
c:/st/stm32cubeide_1.11.0/stm32cubeide/plugins/com.st.stm32cube.ide.mcu.externaltools.gnu-tools-for-stm32.10.3-2021.10.win32_1.0.200.202301161003/tools/bin/../lib/gcc/arm-none-eabi/10.3.1/../../../../arm-none-eabi/lib/thumb/v7e-m/nofp\libc.a(lib_a-impure.o)
                              c:/st/stm32cubeide_1.11.0/stm32cubeide/plugins/com.st.stm32cube.ide.mcu.externaltools.gnu-tools-for-stm32.10.3-2021.10.win32_1.0.200.202301161003/tools/bin/../lib/gcc/arm-none-eabi/10.3.1/../../../../arm-none-eabi/lib/thumb/v7e-m/nofp\libc.a(lib_a-exit.o) (_global_impure_ptr)
c:/st/stm32cubeide_1.11.0/stm32cubeide/plugins/com.st.stm32cube.ide.mcu.externaltools.gnu-tools-for-stm32.10.3-2021.10.win32_1.0.200.202301161003/tools/bin/../lib/gcc/arm-none-eabi/10.3.1/../../../../arm-none-eabi/lib/thumb/v7e-m/nofp\libc.a(lib_a-init.o)
                              c:/st/stm32cubeide_1.11.0/stm32cubeide/plugins/com.st.stm32cube.ide.mcu.externaltools.gnu-tools-for-stm32.10.3-2021.10.win32_1.0.200.202301161003/tools/bin/../lib/gcc/arm-none-eabi/10.3.1/../../../../arm-none-eabi/lib/thumb/v7e-m/nofp/rdimon-crt0.o (__libc_init_array)
c:/st/stm32cubeide_1.11.0/stm32cubeide/plugins/com.st.stm32cube.ide.mcu.externaltools.gnu-tools-for-stm32.10.3-2021.10.win32_1.0.200.202301161003/tools/bin/../lib/gcc/arm-none-eabi/10.3.1/../../../../arm-none-eabi/lib/thumb/v7e-m/nofp\libc.a(lib_a-memset.o)
                              c:/st/stm32cubeide_1.11.0/stm32cubeide/plugins/com.st.stm32cube.ide.mcu.externaltools.gnu-tools-for-stm32.10.3-2021.10.win32_1.0.200.202301161003/tools/bin/../lib/gcc/arm-none-eabi/10.3.1/../../../../arm-none-eabi/lib/thumb/v7e-m/nofp/rdimon-crt0.o (memset)
c:/st/stm32cubeide_1.11.0/stm32cubeide/plugins/com.st.stm32cube.ide.mcu.externaltools.gnu-tools-for-stm32.10.3-2021.10.win32_1.0.200.202301161003/tools/bin/../lib/gcc/arm-none-eabi/10.3.1/../../../../arm-none-eabi/lib/thumb/v7e-m/nofp\libc.a(lib_a-__call_atexit.o)
                              c:/st/stm32cubeide_1.11.0/stm32cubeide/plugins/com.st.stm32cube.ide.mcu.externaltools.gnu-tools-for-stm32.10.3-2021.10.win32_1.0.200.202301161003/tools/bin/../lib/gcc/arm-none-eabi/10.3.1/../../../../arm-none-eabi/lib/thumb/v7e-m/nofp\libc.a(lib_a-exit.o) (__call_exitprocs)
c:/st/stm32cubeide_1.11.0/stm32cubeide/plugins/com.st.stm32cube.ide.mcu.externaltools.gnu-tools-for-stm32.10.3-2021.10.win32_1.0.200.202301161003/tools/bin/../lib/gcc/arm-none-eabi/10.3.1/../../../../arm-none-eabi/lib/thumb/v7e-m/nofp\libc.a(lib_a-atexit.o)
                              c:/st/stm32cubeide_1.11.0/stm32cubeide/plugins/com.st.stm32cube.ide.mcu.externaltools.gnu-tools-for-stm32.10.3-2021.10.win32_1.0.200.202301161003/tools/bin/../lib/gcc/arm-none-eabi/10.3.1/../../../../arm-none-eabi/lib/thumb/v7e-m/nofp\libc.a(lib_a-__call_atexit.o) (atexit)
c:/st/stm32cubeide_1.11.0/stm32cubeide/plugins/com.st.stm32cube.ide.mcu.externaltools.gnu-tools-for-stm32.10.3-2021.10.win32_1.0.200.202301161003/tools/bin/../lib/gcc/arm-none-eabi/10.3.1/../../../../arm-none-eabi/lib/thumb/v7e-m/nofp\libc.a(lib_a-fini.o)
                              c:/st/stm32cubeide_1.11.0/stm32cubeide/plugins/com.st.stm32cube.ide.mcu.externaltools.gnu-tools-for-stm32.10.3-2021.10.win32_1.0.200.202301161003/tools/bin/../lib/gcc/arm-none-eabi/10.3.1/../../../../arm-none-eabi/lib/thumb/v7e-m/nofp\libc.a(lib_a-__call_atexit.o) (__libc_fini_array)
c:/st/stm32cubeide_1.11.0/stm32cubeide/plugins/com.st.stm32cube.ide.mcu.externaltools.gnu-tools-for-stm32.10.3-2021.10.win32_1.0.200.202301161003/tools/bin/../lib/gcc/arm-none-eabi/10.3.1/../../../../arm-none-eabi/lib/thumb/v7e-m/nofp\libc.a(lib_a-lock.o)
                              c:/st/stm32cubeide_1.11.0/stm32cubeide/plugins/com.st.stm32cube.ide.mcu.externaltools.gnu-tools-for-stm32.10.3-2021.10.win32_1.0.200.202301161003/tools/bin/../lib/gcc/arm-none-eabi/10.3.1/../../../../arm-none-eabi/lib/thumb/v7e-m/nofp\libc.a(lib_a-__call_atexit.o) (__retarget_lock_acquire_recursive)
c:/st/stm32cubeide_1.11.0/stm32cubeide/plugins/com.st.stm32cube.ide.mcu.externaltools.gnu-tools-for-stm32.10.3-2021.10.win32_1.0.200.202301161003/tools/bin/../lib/gcc/arm-none-eabi/10.3.1/../../../../arm-none-eabi/lib/thumb/v7e-m/nofp\libc.a(lib_a-__atexit.o)
[...]
Memory Configuration

Name             Origin             Length             Attributes
RAM              0x0000000020000000 0x0000000000020000 xrw
ROM              0x0000000008000000 0x0000000000100000 xr
*default*        0x0000000000000000 0xffffffffffffffff

Linker script and memory map

LOAD c:/st/stm32cubeide_1.11.0/stm32cubeide/plugins/com.st.stm32cube.ide.mcu.externaltools.gnu-tools-for-stm32.10.3-2021.10.win32_1.0.200.202301161003/tools/bin/../lib/gcc/arm-none-eabi/10.3.1/thumb/v7e-m/nofp/crti.o
LOAD c:/st/stm32cubeide_1.11.0/stm32cubeide/plugins/com.st.stm32cube.ide.mcu.externaltools.gnu-tools-for-stm32.10.3-2021.10.win32_1.0.200.202301161003/tools/bin/../lib/gcc/arm-none-eabi/10.3.1/thumb/v7e-m/nofp/crtbegin.o
LOAD c:/st/stm32cubeide_1.11.0/stm32cubeide/plugins/com.st.stm32cube.ide.mcu.externaltools.gnu-tools-for-stm32.10.3-2021.10.win32_1.0.200.202301161003/tools/bin/../lib/gcc/arm-none-eabi/10.3.1/../../../../arm-none-eabi/lib/thumb/v7e-m/nofp/rdimon-crt0.o
LOAD ./drivers/src/stm32f407xx.o
LOAD ./drivers/src/stm32f407xx_exti_driver.o
LOAD ./drivers/src/stm32f407xx_gpio_driver.o
LOAD ./drivers/src/stm32f407xx_i2c_driver.o
LOAD ./drivers/src/stm32f407xx_nvic_driver.o
LOAD ./drivers/src/stm32f407xx_rcc_driver.o
LOAD ./drivers/src/stm32f407xx_spi_driver.o
LOAD ./drivers/src/stm32f407xx_usart_driver.o
LOAD ./src/005button_interrupt.o
LOAD ./startup/startup_stm32.o
LOAD c:/st/stm32cubeide_1.11.0/stm32cubeide/plugins/com.st.stm32cube.ide.mcu.externaltools.gnu-tools-for-stm32.10.3-2021.10.win32_1.0.200.202301161003/tools/bin/../lib/gcc/arm-none-eabi/10.3.1/../../../../arm-none-eabi/lib/thumb/v7e-m/nofp\libc.a
LOAD c:/st/stm32cubeide_1.11.0/stm32cubeide/plugins/com.st.stm32cube.ide.mcu.externaltools.gnu-tools-for-stm32.10.3-2021.10.win32_1.0.200.202301161003/tools/bin/../lib/gcc/arm-none-eabi/10.3.1/../../../../arm-none-eabi/lib/thumb/v7e-m/nofp\librdimon.a
START GROUP
LOAD c:/st/stm32cubeide_1.11.0/stm32cubeide/plugins/com.st.stm32cube.ide.mcu.externaltools.gnu-tools-for-stm32.10.3-2021.10.win32_1.0.200.202301161003/tools/bin/../lib/gcc/arm-none-eabi/10.3.1/../../../../arm-none-eabi/lib/thumb/v7e-m/nofp\libc.a
LOAD c:/st/stm32cubeide_1.11.0/stm32cubeide/plugins/com.st.stm32cube.ide.mcu.externaltools.gnu-tools-for-stm32.10.3-2021.10.win32_1.0.200.202301161003/tools/bin/../lib/gcc/arm-none-eabi/10.3.1/../../../../arm-none-eabi/lib/thumb/v7e-m/nofp\libm.a
END GROUP
START GROUP
LOAD c:/st/stm32cubeide_1.11.0/stm32cubeide/plugins/com.st.stm32cube.ide.mcu.externaltools.gnu-tools-for-stm32.10.3-2021.10.win32_1.0.200.202301161003/tools/bin/../lib/gcc/arm-none-eabi/10.3.1/thumb/v7e-m/nofp\libgcc.a
LOAD c:/st/stm32cubeide_1.11.0/stm32cubeide/plugins/com.st.stm32cube.ide.mcu.externaltools.gnu-tools-for-stm32.10.3-2021.10.win32_1.0.200.202301161003/tools/bin/../lib/gcc/arm-none-eabi/10.3.1/../../../../arm-none-eabi/lib/thumb/v7e-m/nofp\libc.a
END GROUP
START GROUP
LOAD c:/st/stm32cubeide_1.11.0/stm32cubeide/plugins/com.st.stm32cube.ide.mcu.externaltools.gnu-tools-for-stm32.10.3-2021.10.win32_1.0.200.202301161003/tools/bin/../lib/gcc/arm-none-eabi/10.3.1/thumb/v7e-m/nofp\libgcc.a
LOAD c:/st/stm32cubeide_1.11.0/stm32cubeide/plugins/com.st.stm32cube.ide.mcu.externaltools.gnu-tools-for-stm32.10.3-2021.10.win32_1.0.200.202301161003/tools/bin/../lib/gcc/arm-none-eabi/10.3.1/../../../../arm-none-eabi/lib/thumb/v7e-m/nofp\libc.a
LOAD c:/st/stm32cubeide_1.11.0/stm32cubeide/plugins/com.st.stm32cube.ide.mcu.externaltools.gnu-tools-for-stm32.10.3-2021.10.win32_1.0.200.202301161003/tools/bin/../lib/gcc/arm-none-eabi/10.3.1/../../../../arm-none-eabi/lib/thumb/v7e-m/nofp\librdimon.a
END GROUP
LOAD c:/st/stm32cubeide_1.11.0/stm32cubeide/plugins/com.st.stm32cube.ide.mcu.externaltools.gnu-tools-for-stm32.10.3-2021.10.win32_1.0.200.202301161003/tools/bin/../lib/gcc/arm-none-eabi/10.3.1/thumb/v7e-m/nofp/crtend.o
LOAD c:/st/stm32cubeide_1.11.0/stm32cubeide/plugins/com.st.stm32cube.ide.mcu.externaltools.gnu-tools-for-stm32.10.3-2021.10.win32_1.0.200.202301161003/tools/bin/../lib/gcc/arm-none-eabi/10.3.1/thumb/v7e-m/nofp/crtn.o
                0x0000000020020000                _estack = 0x20020000
                0x0000000000000000                _Min_Heap_Size = 0x0
                0x0000000000000400                _Min_Stack_Size = 0x400

.isr_vector     0x0000000008000000      0x1a8
                0x0000000008000000                . = ALIGN (0x4)
 *(.isr_vector)
 .isr_vector    0x0000000008000000      0x1a8 ./startup/startup_stm32.o
                0x0000000008000000                g_pfnVectors
                0x00000000080001a8                . = ALIGN (0x4)

.text           0x00000000080001a8      0x938
                0x00000000080001a8                . = ALIGN (0x4)
 *(.text)
 .text          0x00000000080001a8       0x40 c:/st/stm32cubeide_1.11.0/stm32cubeide/plugins/com.st.stm32cube.ide.mcu.externaltools.gnu-tools-for-stm32.10.3-2021.10.win32_1.0.200.202301161003/tools/bin/../lib/gcc/arm-none-eabi/10.3.1/thumb/v7e-m/nofp/crtbegin.o
 *(.text*)
 .text.EXTI_INTR_EDGE_CONFIG
                0x00000000080001e8       0x3c ./drivers/src/stm32f407xx_exti_driver.o
                0x00000000080001e8                EXTI_INTR_EDGE_CONFIG
 .text.EXTI_INTR_EDGE_RISING_CONFIG
                0x0000000008000224       0x54 ./drivers/src/stm32f407xx_exti_driver.o
 .text.EXTI_INTR_EDGE_FALLING_CONFIG
                0x0000000008000278       0x54 ./drivers/src/stm32f407xx_exti_driver.o
 .text.EXTI_INTR_EDGE_BOTH_CONFIG
                0x00000000080002cc       0x50 ./drivers/src/stm32f407xx_exti_driver.o
 .text.GPIO_Init
                0x000000000800031c       0x70 ./drivers/src/stm32f407xx_gpio_driver.o
                0x000000000800031c                GPIO_Init
 .text.GPIO_MODE_CNFG
                0x000000000800038c       0x80 ./drivers/src/stm32f407xx_gpio_driver.o
 .text.GPIO_ALTFN_CNFG
                0x000000000800040c       0xc0 ./drivers/src/stm32f407xx_gpio_driver.o
 .text.GPIO_SPEED_CNFG
                0x00000000080004cc       0x70 ./drivers/src/stm32f407xx_gpio_driver.o
 .text.GPIO_PUPD_CNFG
                0x000000000800053c       0x70 ./drivers/src/stm32f407xx_gpio_driver.o
 .text.GPIO_OTYPE_CNFG
                0x00000000080005ac       0x68 ./drivers/src/stm32f407xx_gpio_driver.o
 .text.GPIO_INTR_CNFG
                0x0000000008000614       0xe0 ./drivers/src/stm32f407xx_gpio_driver.o
 .text.GPIO_WriteToOutputPin
                0x00000000080006f4       0x6c ./drivers/src/stm32f407xx_gpio_driver.o
                0x00000000080006f4                GPIO_WriteToOutputPin
 .text.GPIO_ToggleOutputPin
                0x0000000008000760       0x40 ./drivers/src/stm32f407xx_gpio_driver.o
                0x0000000008000760                GPIO_ToggleOutputPin
 .text.GPIO_IRQInterruptConfig
                0x00000000080007a0       0x2c ./drivers/src/stm32f407xx_gpio_driver.o
                0x00000000080007a0                GPIO_IRQInterruptConfig
 .text.GPIO_IRQPriorityConfig
                0x00000000080007cc       0x2c ./drivers/src/stm32f407xx_gpio_driver.o
                0x00000000080007cc                GPIO_IRQPriorityConfig
 .text.GPIO_IRQHandling
                0x00000000080007f8       0x4c ./drivers/src/stm32f407xx_gpio_driver.o
                0x00000000080007f8                GPIO_IRQHandling
 .text.NVIC_INTR_CTRL
                0x0000000008000844       0x74 ./drivers/src/stm32f407xx_nvic_driver.o
                0x0000000008000844                NVIC_INTR_CTRL
 .text.main     0x00000000080008b8       0x7e ./src/005button_interrupt.o
                0x00000000080008b8                main
 .text.EXTI9_5_IRQHandler
                0x0000000008000936       0x16 ./src/005button_interrupt.o
                0x0000000008000936                EXTI9_5_IRQHandler
 .text.Reset_Handler
                0x000000000800094c       0x50 ./startup/startup_stm32.o
                0x000000000800094c                Reset_Handler
 .text.Default_Handler
                0x000000000800099c        0x2 ./startup/startup_stm32.o
                0x000000000800099c                RTC_Alarm_IRQHandler
                0x000000000800099c                HASH_RNG_IRQHandler
                0x000000000800099c                EXTI2_IRQHandler
                0x000000000800099c                TIM8_CC_IRQHandler
                0x000000000800099c                DebugMon_Handler
                0x000000000800099c                TIM1_CC_IRQHandler
                0x000000000800099c                DMA2_Stream5_IRQHandler
                0x000000000800099c                HardFault_Handler
                0x000000000800099c                DMA1_Stream5_IRQHandler
                0x000000000800099c                SysTick_Handler
                0x000000000800099c                PVD_IRQHandler
                0x000000000800099c                SDIO_IRQHandler
                0x000000000800099c                TAMP_STAMP_IRQHandler
                0x000000000800099c                PendSV_Handler
                0x000000000800099c                NMI_Handler
                0x000000000800099c                CAN2_RX1_IRQHandler
                0x000000000800099c                EXTI3_IRQHandler
                0x000000000800099c                TIM8_TRG_COM_TIM14_IRQHandler
                0x000000000800099c                TIM1_UP_TIM10_IRQHandler
                0x000000000800099c                TIM8_UP_TIM13_IRQHandler
                0x000000000800099c                I2C3_ER_IRQHandler
                0x000000000800099c                LCD_TFT_IRQHandler
                0x000000000800099c                EXTI0_IRQHandler
                0x000000000800099c                I2C2_EV_IRQHandler
                0x000000000800099c                DMA1_Stream2_IRQHandler
                0x000000000800099c                CAN1_RX0_IRQHandler
                0x000000000800099c                FPU_IRQHandler
                0x000000000800099c                OTG_HS_WKUP_IRQHandler
                0x000000000800099c                UsageFault_Handler
                0x000000000800099c                CAN2_SCE_IRQHandler
                0x000000000800099c                DMA2_Stream2_IRQHandler
                0x000000000800099c                SPI1_IRQHandler
                0x000000000800099c                TIM6_DAC_IRQHandler
                0x000000000800099c                TIM1_BRK_TIM9_IRQHandler
                0x000000000800099c                DCMI_IRQHandler
                0x000000000800099c                CAN2_RX0_IRQHandler
                0x000000000800099c                DMA2_Stream3_IRQHandler
                0x000000000800099c                USART6_IRQHandler
                0x000000000800099c                USART3_IRQHandler
                0x000000000800099c                CRYP_IRQHandler
                0x000000000800099c                CAN1_RX1_IRQHandler
                0x000000000800099c                UART5_IRQHandler
                0x000000000800099c                DMA2_Stream0_IRQHandler
                0x000000000800099c                TIM4_IRQHandler
                0x000000000800099c                I2C1_EV_IRQHandler
                0x000000000800099c                DMA1_Stream6_IRQHandler
                0x000000000800099c                DMA1_Stream1_IRQHandler
                0x000000000800099c                UART4_IRQHandler
                0x000000000800099c                LCD_TFT_1_IRQHandler
                0x000000000800099c                TIM3_IRQHandler
                0x000000000800099c                RCC_IRQHandler
                0x000000000800099c                TIM8_BRK_TIM12_IRQHandler
                0x000000000800099c                Default_Handler
                0x000000000800099c                EXTI15_10_IRQHandler
                0x000000000800099c                ADC_IRQHandler
                0x000000000800099c                DMA1_Stream7_IRQHandler
                0x000000000800099c                TIM7_IRQHandler
                0x000000000800099c                CAN2_TX_IRQHandler
                0x000000000800099c                TIM5_IRQHandler
                0x000000000800099c                DMA2_Stream7_IRQHandler
                0x000000000800099c                I2C3_EV_IRQHandler
                0x000000000800099c                RTC_WKUP_IRQHandler
                0x000000000800099c                ETH_WKUP_IRQHandler
                0x000000000800099c                SPI2_IRQHandler
                0x000000000800099c                OTG_HS_EP1_IN_IRQHandler
                0x000000000800099c                MemManage_Handler
                0x000000000800099c                DMA1_Stream0_IRQHandler
                0x000000000800099c                CAN1_TX_IRQHandler
                0x000000000800099c                SVC_Handler
                0x000000000800099c                EXTI4_IRQHandler
                0x000000000800099c                FSMC_IRQHandler
                0x000000000800099c                ETH_IRQHandler
                0x000000000800099c                OTG_HS_EP1_OUT_IRQHandler
                0x000000000800099c                WWDG_IRQHandler
                0x000000000800099c                TIM2_IRQHandler
                0x000000000800099c                OTG_FS_WKUP_IRQHandler
                0x000000000800099c                TIM1_TRG_COM_TIM11_IRQHandler
                0x000000000800099c                OTG_HS_IRQHandler
                0x000000000800099c                EXTI1_IRQHandler
                0x000000000800099c                USART2_IRQHandler
                0x000000000800099c                I2C2_ER_IRQHandler
                0x000000000800099c                DMA2_Stream1_IRQHandler
                0x000000000800099c                CAN1_SCE_IRQHandler
                0x000000000800099c                DMA2_Stream4_IRQHandler
                0x000000000800099c                BusFault_Handler
                0x000000000800099c                USART1_IRQHandler
                0x000000000800099c                OTG_FS_IRQHandler
                0x000000000800099c                SPI3_IRQHandler
                0x000000000800099c                DMA1_Stream4_IRQHandler
                0x000000000800099c                I2C1_ER_IRQHandler
                0x000000000800099c                DMA2_Stream6_IRQHandler
                0x000000000800099c                DMA1_Stream3_IRQHandler
 *fill*         0x000000000800099e        0x2 
 .text.__libc_init_array
                0x00000000080009a0       0x48 c:/st/stm32cubeide_1.11.0/stm32cubeide/plugins/com.st.stm32cube.ide.mcu.externaltools.gnu-tools-for-stm32.10.3-2021.10.win32_1.0.200.202301161003/tools/bin/../lib/gcc/arm-none-eabi/10.3.1/../../../../arm-none-eabi/lib/thumb/v7e-m/nofp\libc.a(lib_a-init.o)
                0x00000000080009a0                __libc_init_array
 .text.memset   0x00000000080009e8       0x10 c:/st/stm32cubeide_1.11.0/stm32cubeide/plugins/com.st.stm32cube.ide.mcu.externaltools.gnu-tools-for-stm32.10.3-2021.10.win32_1.0.200.202301161003/tools/bin/../lib/gcc/arm-none-eabi/10.3.1/../../../../arm-none-eabi/lib/thumb/v7e-m/nofp\libc.a(lib_a-memset.o)
                0x00000000080009e8                memset
 .text.startup.register_fini
                0x00000000080009f8       0x14 c:/st/stm32cubeide_1.11.0/stm32cubeide/plugins/com.st.stm32cube.ide.mcu.externaltools.gnu-tools-for-stm32.10.3-2021.10.win32_1.0.200.202301161003/tools/bin/../lib/gcc/arm-none-eabi/10.3.1/../../../../arm-none-eabi/lib/thumb/v7e-m/nofp\libc.a(lib_a-__call_atexit.o)
 .text.atexit   0x0000000008000a0c        0xc c:/st/stm32cubeide_1.11.0/stm32cubeide/plugins/com.st.stm32cube.ide.mcu.externaltools.gnu-tools-for-stm32.10.3-2021.10.win32_1.0.200.202301161003/tools/bin/../lib/gcc/arm-none-eabi/10.3.1/../../../../arm-none-eabi/lib/thumb/v7e-m/nofp\libc.a(lib_a-atexit.o)
                0x0000000008000a0c                atexit
 .text.__libc_fini_array
                0x0000000008000a18       0x28 c:/st/stm32cubeide_1.11.0/stm32cubeide/plugins/com.st.stm32cube.ide.mcu.externaltools.gnu-tools-for-stm32.10.3-2021.10.win32_1.0.200.202301161003/tools/bin/../lib/gcc/arm-none-eabi/10.3.1/../../../../arm-none-eabi/lib/thumb/v7e-m/nofp\libc.a(lib_a-fini.o)
                0x0000000008000a18                __libc_fini_array
 .text.__retarget_lock_acquire_recursive
                0x0000000008000a40        0x2 c:/st/stm32cubeide_1.11.0/stm32cubeide/plugins/com.st.stm32cube.ide.mcu.externaltools.gnu-tools-for-stm32.10.3-2021.10.win32_1.0.200.202301161003/tools/bin/../lib/gcc/arm-none-eabi/10.3.1/../../../../arm-none-eabi/lib/thumb/v7e-m/nofp\libc.a(lib_a-lock.o)
                0x0000000008000a40                __retarget_lock_acquire_recursive
 .text.__retarget_lock_release_recursive
                0x0000000008000a42        0x2 c:/st/stm32cubeide_1.11.0/stm32cubeide/plugins/com.st.stm32cube.ide.mcu.externaltools.gnu-tools-for-stm32.10.3-2021.10.win32_1.0.200.202301161003/tools/bin/../lib/gcc/arm-none-eabi/10.3.1/../../../../arm-none-eabi/lib/thumb/v7e-m/nofp\libc.a(lib_a-lock.o)
                0x0000000008000a42                __retarget_lock_release_recursive
 .text.__register_exitproc
                0x0000000008000a44       0x84 c:/st/stm32cubeide_1.11.0/stm32cubeide/plugins/com.st.stm32cube.ide.mcu.externaltools.gnu-tools-for-stm32.10.3-2021.10.win32_1.0.200.202301161003/tools/bin/../lib/gcc/arm-none-eabi/10.3.1/../../../../arm-none-eabi/lib/thumb/v7e-m/nofp\libc.a(lib_a-__atexit.o)
                0x0000000008000a44                __register_exitproc
 *(.glue_7)
 .glue_7        0x0000000008000ac8        0x0 linker stubs
 *(.glue_7t)
 .glue_7t       0x0000000008000ac8        0x0 linker stubs
 *(.eh_frame)
 .eh_frame      0x0000000008000ac8        0x0 c:/st/stm32cubeide_1.11.0/stm32cubeide/plugins/com.st.stm32cube.ide.mcu.externaltools.gnu-tools-for-stm32.10.3-2021.10.win32_1.0.200.202301161003/tools/bin/../lib/gcc/arm-none-eabi/10.3.1/thumb/v7e-m/nofp/crtbegin.o
 *(.init)
 .init          0x0000000008000ac8        0x4 c:/st/stm32cubeide_1.11.0/stm32cubeide/plugins/com.st.stm32cube.ide.mcu.externaltools.gnu-tools-for-stm32.10.3-2021.10.win32_1.0.200.202301161003/tools/bin/../lib/gcc/arm-none-eabi/10.3.1/thumb/v7e-m/nofp/crti.o
                0x0000000008000ac8                _init
 .init          0x0000000008000acc        0x8 c:/st/stm32cubeide_1.11.0/stm32cubeide/plugins/com.st.stm32cube.ide.mcu.externaltools.gnu-tools-for-stm32.10.3-2021.10.win32_1.0.200.202301161003/tools/bin/../lib/gcc/arm-none-eabi/10.3.1/thumb/v7e-m/nofp/crtn.o
 *(.fini)
 .fini          0x0000000008000ad4        0x4 c:/st/stm32cubeide_1.11.0/stm32cubeide/plugins/com.st.stm32cube.ide.mcu.externaltools.gnu-tools-for-stm32.10.3-2021.10.win32_1.0.200.202301161003/tools/bin/../lib/gcc/arm-none-eabi/10.3.1/thumb/v7e-m/nofp/crti.o
                0x0000000008000ad4                _fini
 .fini          0x0000000008000ad8        0x8 c:/st/stm32cubeide_1.11.0/stm32cubeide/plugins/com.st.stm32cube.ide.mcu.externaltools.gnu-tools-for-stm32.10.3-2021.10.win32_1.0.200.202301161003/tools/bin/../lib/gcc/arm-none-eabi/10.3.1/thumb/v7e-m/nofp/crtn.o
                0x0000000008000ae0                . = ALIGN (0x4)
                0x0000000008000ae0                _etext = .

.vfp11_veneer   0x0000000008000ae0        0x0
 .vfp11_veneer  0x0000000008000ae0        0x0 linker stubs

.v4_bx          0x0000000008000ae0        0x0
 .v4_bx         0x0000000008000ae0        0x0 linker stubs

.iplt           0x0000000008000ae0        0x0
 .iplt          0x0000000008000ae0        0x0 c:/st/stm32cubeide_1.11.0/stm32cubeide/plugins/com.st.stm32cube.ide.mcu.externaltools.gnu-tools-for-stm32.10.3-2021.10.win32_1.0.200.202301161003/tools/bin/../lib/gcc/arm-none-eabi/10.3.1/thumb/v7e-m/nofp/crtbegin.o

.rodata         0x0000000008000ae0       0x18
                0x0000000008000ae0                . = ALIGN (0x4)
 *(.rodata)
 .rodata        0x0000000008000ae0        0xc ./drivers/src/stm32f407xx_exti_driver.o
 .rodata        0x0000000008000aec        0x8 ./drivers/src/stm32f407xx_nvic_driver.o
 *(.rodata*)
 .rodata._global_impure_ptr
                0x0000000008000af4        0x4 c:/st/stm32cubeide_1.11.0/stm32cubeide/plugins/com.st.stm32cube.ide.mcu.externaltools.gnu-tools-for-stm32.10.3-2021.10.win32_1.0.200.202301161003/tools/bin/../lib/gcc/arm-none-eabi/10.3.1/../../../../arm-none-eabi/lib/thumb/v7e-m/nofp\libc.a(lib_a-impure.o)
                0x0000000008000af4                _global_impure_ptr
                0x0000000008000af8                . = ALIGN (0x4)

.rel.dyn        0x0000000008000af8        0x0
 .rel.iplt      0x0000000008000af8        0x0 c:/st/stm32cubeide_1.11.0/stm32cubeide/plugins/com.st.stm32cube.ide.mcu.externaltools.gnu-tools-for-stm32.10.3-2021.10.win32_1.0.200.202301161003/tools/bin/../lib/gcc/arm-none-eabi/10.3.1/thumb/v7e-m/nofp/crtbegin.o

.ARM.extab      0x0000000008000af8        0x0
                0x0000000008000af8                . = ALIGN (0x4)
 *(.ARM.extab* .gnu.linkonce.armextab.*)
                0x0000000008000af8                . = ALIGN (0x4)

.ARM            0x0000000008000af8        0x0
                0x0000000008000af8                . = ALIGN (0x4)
                0x0000000008000af8                __exidx_start = .
 *(.ARM.exidx*)
                0x0000000008000af8                __exidx_end = .
                0x0000000008000af8                . = ALIGN (0x4)

.preinit_array  0x0000000008000af8        0x0
                0x0000000008000af8                . = ALIGN (0x4)
                0x0000000008000af8                PROVIDE (__preinit_array_start = .)
 *(.preinit_array*)
                0x0000000008000af8                PROVIDE (__preinit_array_end = .)
                0x0000000008000af8                . = ALIGN (0x4)

.init_array     0x0000000008000af8        0x8
                0x0000000008000af8                . = ALIGN (0x4)
                0x0000000008000af8                PROVIDE (__init_array_start = .)
 *(SORT_BY_NAME(.init_array.*))
 .init_array.00000
                0x0000000008000af8        0x4 c:/st/stm32cubeide_1.11.0/stm32cubeide/plugins/com.st.stm32cube.ide.mcu.externaltools.gnu-tools-for-stm32.10.3-2021.10.win32_1.0.200.202301161003/tools/bin/../lib/gcc/arm-none-eabi/10.3.1/../../../../arm-none-eabi/lib/thumb/v7e-m/nofp\libc.a(lib_a-__call_atexit.o)
 *(.init_array*)
 .init_array    0x0000000008000afc        0x4 c:/st/stm32cubeide_1.11.0/stm32cubeide/plugins/com.st.stm32cube.ide.mcu.externaltools.gnu-tools-for-stm32.10.3-2021.10.win32_1.0.200.202301161003/tools/bin/../lib/gcc/arm-none-eabi/10.3.1/thumb/v7e-m/nofp/crtbegin.o
                0x0000000008000b00                PROVIDE (__init_array_end = .)
                0x0000000008000b00                . = ALIGN (0x4)

.fini_array     0x0000000008000b00        0x4
                0x0000000008000b00                . = ALIGN (0x4)
                0x0000000008000b00                PROVIDE (__fini_array_start = .)
 *(SORT_BY_NAME(.fini_array.*))
 *(.fini_array*)
 .fini_array    0x0000000008000b00        0x4 c:/st/stm32cubeide_1.11.0/stm32cubeide/plugins/com.st.stm32cube.ide.mcu.externaltools.gnu-tools-for-stm32.10.3-2021.10.win32_1.0.200.202301161003/tools/bin/../lib/gcc/arm-none-eabi/10.3.1/thumb/v7e-m/nofp/crtbegin.o
                0x0000000008000b04                PROVIDE (__fini_array_end = .)
                0x0000000008000b04                . = ALIGN (0x4)
                0x0000000008000b04                _sidata = LOADADDR (.data)

.data           0x0000000020000000      0x634 load address 0x0000000008000b04
                0x0000000020000000                . = ALIGN (0x4)
                0x0000000020000000                _sdata = .
 *(.data)
 .data          0x0000000020000000      0x1ec ./drivers/src/stm32f407xx.o
                0x0000000020000000                BASE_ADDR_LST
                0x000000002000016c                MASK_LST
 .data          0x00000000200001ec       0x17 ./drivers/src/stm32f407xx_exti_driver.o
                0x00000000200001ec                EXTIx_IRQx_MAPPING
 *(.data*)
 *fill*         0x0000000020000203        0x5 
 .data.impure_data
                0x0000000020000208      0x428 c:/st/stm32cubeide_1.11.0/stm32cubeide/plugins/com.st.stm32cube.ide.mcu.externaltools.gnu-tools-for-stm32.10.3-2021.10.win32_1.0.200.202301161003/tools/bin/../lib/gcc/arm-none-eabi/10.3.1/../../../../arm-none-eabi/lib/thumb/v7e-m/nofp\libc.a(lib_a-impure.o)
 .data.__atexit_recursive_mutex
                0x0000000020000630        0x4 c:/st/stm32cubeide_1.11.0/stm32cubeide/plugins/com.st.stm32cube.ide.mcu.externaltools.gnu-tools-for-stm32.10.3-2021.10.win32_1.0.200.202301161003/tools/bin/../lib/gcc/arm-none-eabi/10.3.1/../../../../arm-none-eabi/lib/thumb/v7e-m/nofp\libc.a(lib_a-__call_atexit.o)
                0x0000000020000630                __atexit_recursive_mutex
                0x0000000020000634                . = ALIGN (0x4)
                0x0000000020000634                _edata = .

.igot.plt       0x0000000020000634        0x0 load address 0x0000000008001138
 .igot.plt      0x0000000020000634        0x0 c:/st/stm32cubeide_1.11.0/stm32cubeide/plugins/com.st.stm32cube.ide.mcu.externaltools.gnu-tools-for-stm32.10.3-2021.10.win32_1.0.200.202301161003/tools/bin/../lib/gcc/arm-none-eabi/10.3.1/thumb/v7e-m/nofp/crtbegin.o
                0x0000000020000634                . = ALIGN (0x4)

.bss            0x0000000020000634       0x20 load address 0x0000000008001138
                0x0000000020000634                _sbss = .
                0x0000000020000634                __bss_start__ = _sbss
 *(.bss)
 .bss           0x0000000020000634       0x1c c:/st/stm32cubeide_1.11.0/stm32cubeide/plugins/com.st.stm32cube.ide.mcu.externaltools.gnu-tools-for-stm32.10.3-2021.10.win32_1.0.200.202301161003/tools/bin/../lib/gcc/arm-none-eabi/10.3.1/thumb/v7e-m/nofp/crtbegin.o
 *(.bss*)
 .bss.__lock___atexit_recursive_mutex
                0x0000000020000650        0x1 c:/st/stm32cubeide_1.11.0/stm32cubeide/plugins/com.st.stm32cube.ide.mcu.externaltools.gnu-tools-for-stm32.10.3-2021.10.win32_1.0.200.202301161003/tools/bin/../lib/gcc/arm-none-eabi/10.3.1/../../../../arm-none-eabi/lib/thumb/v7e-m/nofp\libc.a(lib_a-lock.o)
                0x0000000020000650                __lock___atexit_recursive_mutex
 *(COMMON)
                0x0000000020000654                . = ALIGN (0x4)
 *fill*         0x0000000020000651        0x3 
                0x0000000020000654                _ebss = .
                0x0000000020000654                __bss_end__ = _ebss

._user_heap_stack
                0x0000000020000654      0x404 load address 0x0000000008001138
                0x0000000020000658                . = ALIGN (0x8)
 *fill*         0x0000000020000654        0x4 
                0x0000000020000658                PROVIDE (end = .)
                [!provide]                        PROVIDE (_end = .)
                0x0000000020000658                . = (. + _Min_Heap_Size)
                0x0000000020000a58                . = (. + _Min_Stack_Size)
 *fill*         0x0000000020000658      0x400 
                0x0000000020000a58                . = ALIGN (0x8)

/DISCARD/
 libc.a(*)
 libm.a(*)
 libgcc.a(*)

.ARM.attributes
                0x0000000000000000       0x2a
 *(.ARM.attributes)
 .ARM.attributes
                0x0000000000000000       0x1e c:/st/stm32cubeide_1.11.0/stm32cubeide/plugins/com.st.stm32cube.ide.mcu.externaltools.gnu-tools-for-stm32.10.3-2021.10.win32_1.0.200.202301161003/tools/bin/../lib/gcc/arm-none-eabi/10.3.1/thumb/v7e-m/nofp/crti.o
 .ARM.attributes
                0x000000000000001e       0x2e c:/st/stm32cubeide_1.11.0/stm32cubeide/plugins/com.st.stm32cube.ide.mcu.externaltools.gnu-tools-for-stm32.10.3-2021.10.win32_1.0.200.202301161003/tools/bin/../lib/gcc/arm-none-eabi/10.3.1/thumb/v7e-m/nofp/crtbegin.o
 .ARM.attributes
                0x000000000000004c       0x2e ./drivers/src/stm32f407xx.o
 .ARM.attributes
                0x000000000000007a       0x2e ./drivers/src/stm32f407xx_exti_driver.o
 .ARM.attributes
                0x00000000000000a8       0x2e ./drivers/src/stm32f407xx_gpio_driver.o
 .ARM.attributes
                0x00000000000000d6       0x2e ./drivers/src/stm32f407xx_nvic_driver.o
 .ARM.attributes
                0x0000000000000104       0x2e ./src/005button_interrupt.o
 .ARM.attributes
                0x0000000000000132       0x21 ./startup/startup_stm32.o
 .ARM.attributes
                0x0000000000000153       0x2e c:/st/stm32cubeide_1.11.0/stm32cubeide/plugins/com.st.stm32cube.ide.mcu.externaltools.gnu-tools-for-stm32.10.3-2021.10.win32_1.0.200.202301161003/tools/bin/../lib/gcc/arm-none-eabi/10.3.1/../../../../arm-none-eabi/lib/thumb/v7e-m/nofp\libc.a(lib_a-impure.o)
 .ARM.attributes
                0x0000000000000181       0x2e c:/st/stm32cubeide_1.11.0/stm32cubeide/plugins/com.st.stm32cube.ide.mcu.externaltools.gnu-tools-for-stm32.10.3-2021.10.win32_1.0.200.202301161003/tools/bin/../lib/gcc/arm-none-eabi/10.3.1/../../../../arm-none-eabi/lib/thumb/v7e-m/nofp\libc.a(lib_a-init.o)
 .ARM.attributes
                0x00000000000001af       0x2e c:/st/stm32cubeide_1.11.0/stm32cubeide/plugins/com.st.stm32cube.ide.mcu.externaltools.gnu-tools-for-stm32.10.3-2021.10.win32_1.0.200.202301161003/tools/bin/../lib/gcc/arm-none-eabi/10.3.1/../../../../arm-none-eabi/lib/thumb/v7e-m/nofp\libc.a(lib_a-memset.o)
 .ARM.attributes
                0x00000000000001dd       0x2e c:/st/stm32cubeide_1.11.0/stm32cubeide/plugins/com.st.stm32cube.ide.mcu.externaltools.gnu-tools-for-stm32.10.3-2021.10.win32_1.0.200.202301161003/tools/bin/../lib/gcc/arm-none-eabi/10.3.1/../../../../arm-none-eabi/lib/thumb/v7e-m/nofp\libc.a(lib_a-__call_atexit.o)
 .ARM.attributes
                0x000000000000020b       0x2e c:/st/stm32cubeide_1.11.0/stm32cubeide/plugins/com.st.stm32cube.ide.mcu.externaltools.gnu-tools-for-stm32.10.3-2021.10.win32_1.0.200.202301161003/tools/bin/../lib/gcc/arm-none-eabi/10.3.1/../../../../arm-none-eabi/lib/thumb/v7e-m/nofp\libc.a(lib_a-atexit.o)
 .ARM.attributes
                0x0000000000000239       0x2e c:/st/stm32cubeide_1.11.0/stm32cubeide/plugins/com.st.stm32cube.ide.mcu.externaltools.gnu-tools-for-stm32.10.3-2021.10.win32_1.0.200.202301161003/tools/bin/../lib/gcc/arm-none-eabi/10.3.1/../../../../arm-none-eabi/lib/thumb/v7e-m/nofp\libc.a(lib_a-fini.o)
 .ARM.attributes
                0x0000000000000267       0x2e c:/st/stm32cubeide_1.11.0/stm32cubeide/plugins/com.st.stm32cube.ide.mcu.externaltools.gnu-tools-for-stm32.10.3-2021.10.win32_1.0.200.202301161003/tools/bin/../lib/gcc/arm-none-eabi/10.3.1/../../../../arm-none-eabi/lib/thumb/v7e-m/nofp\libc.a(lib_a-lock.o)
 .ARM.attributes
                0x0000000000000295       0x2e c:/st/stm32cubeide_1.11.0/stm32cubeide/plugins/com.st.stm32cube.ide.mcu.externaltools.gnu-tools-for-stm32.10.3-2021.10.win32_1.0.200.202301161003/tools/bin/../lib/gcc/arm-none-eabi/10.3.1/../../../../arm-none-eabi/lib/thumb/v7e-m/nofp\libc.a(lib_a-__atexit.o)
 .ARM.attributes
                0x00000000000002c3       0x1e c:/st/stm32cubeide_1.11.0/stm32cubeide/plugins/com.st.stm32cube.ide.mcu.externaltools.gnu-tools-for-stm32.10.3-2021.10.win32_1.0.200.202301161003/tools/bin/../lib/gcc/arm-none-eabi/10.3.1/thumb/v7e-m/nofp/crtn.o
OUTPUT(stm32f4xx_drivers.elf elf32-littlearm)
LOAD linker stubs
LOAD c:/st/stm32cubeide_1.11.0/stm32cubeide/plugins/com.st.stm32cube.ide.mcu.externaltools.gnu-tools-for-stm32.10.3-2021.10.win32_1.0.200.202301161003/tools/bin/../lib/gcc/arm-none-eabi/10.3.1/../../../../arm-none-eabi/lib/thumb/v7e-m/nofp\libc.a
LOAD c:/st/stm32cubeide_1.11.0/stm32cubeide/plugins/com.st.stm32cube.ide.mcu.externaltools.gnu-tools-for-stm32.10.3-2021.10.win32_1.0.200.202301161003/tools/bin/../lib/gcc/arm-none-eabi/10.3.1/../../../../arm-none-eabi/lib/thumb/v7e-m/nofp\libm.a
LOAD c:/st/stm32cubeide_1.11.0/stm32cubeide/plugins/com.st.stm32cube.ide.mcu.externaltools.gnu-tools-for-stm32.10.3-2021.10.win32_1.0.200.202301161003/tools/bin/../lib/gcc/arm-none-eabi/10.3.1/thumb/v7e-m/nofp\libgcc.a

.debug_info     0x0000000000000000     0x1629
 .debug_info    0x0000000000000000      0x14c ./drivers/src/stm32f407xx.o
 .debug_info    0x000000000000014c      0x47b ./drivers/src/stm32f407xx_exti_driver.o
 .debug_info    0x00000000000005c7      0xa3f ./drivers/src/stm32f407xx_gpio_driver.o
 .debug_info    0x0000000000001006      0x162 ./drivers/src/stm32f407xx_nvic_driver.o
 .debug_info    0x0000000000001168      0x49f ./src/005button_interrupt.o
 .debug_info    0x0000000000001607       0x22 ./startup/startup_stm32.o

.debug_abbrev   0x0000000000000000      0x5bd
 .debug_abbrev  0x0000000000000000       0xb5 ./drivers/src/stm32f407xx.o
 .debug_abbrev  0x00000000000000b5      0x158 ./drivers/src/stm32f407xx_exti_driver.o
 .debug_abbrev  0x000000000000020d      0x1a9 ./drivers/src/stm32f407xx_gpio_driver.o
 .debug_abbrev  0x00000000000003b6       0xbb ./drivers/src/stm32f407xx_nvic_driver.o
 .debug_abbrev  0x0000000000000471      0x13a ./src/005button_interrupt.o
 .debug_abbrev  0x00000000000005ab       0x12 ./startup/startup_stm32.o

.debug_aranges  0x0000000000000000      0x170
 .debug_aranges
                0x0000000000000000       0x20 ./drivers/src/stm32f407xx.o
 .debug_aranges
                0x0000000000000020       0x38 ./drivers/src/stm32f407xx_exti_driver.o
 .debug_aranges
                0x0000000000000058       0x98 ./drivers/src/stm32f407xx_gpio_driver.o
 .debug_aranges
                0x00000000000000f0       0x28 ./drivers/src/stm32f407xx_nvic_driver.o
 .debug_aranges
                0x0000000000000118       0x30 ./src/005button_interrupt.o
 .debug_aranges
                0x0000000000000148       0x28 ./startup/startup_stm32.o

.debug_ranges   0x0000000000000000      0x118
 .debug_ranges  0x0000000000000000       0x10 ./drivers/src/stm32f407xx.o
 .debug_ranges  0x0000000000000010       0x28 ./drivers/src/stm32f407xx_exti_driver.o
 .debug_ranges  0x0000000000000038       0x88 ./drivers/src/stm32f407xx_gpio_driver.o
 .debug_ranges  0x00000000000000c0       0x18 ./drivers/src/stm32f407xx_nvic_driver.o
 .debug_ranges  0x00000000000000d8       0x20 ./src/005button_interrupt.o
 .debug_ranges  0x00000000000000f8       0x20 ./startup/startup_stm32.o

.debug_macro    0x0000000000000000     0x2c5b
 .debug_macro   0x0000000000000000      0x19f ./drivers/src/stm32f407xx.o
 .debug_macro   0x000000000000019f      0xa78 ./drivers/src/stm32f407xx.o
 .debug_macro   0x0000000000000c17       0x22 ./drivers/src/stm32f407xx.o
 .debug_macro   0x0000000000000c39       0x5e ./drivers/src/stm32f407xx.o
 .debug_macro   0x0000000000000c97       0x18 ./drivers/src/stm32f407xx.o
 .debug_macro   0x0000000000000caf       0x94 ./drivers/src/stm32f407xx.o
 .debug_macro   0x0000000000000d43       0x35 ./drivers/src/stm32f407xx.o
 .debug_macro   0x0000000000000d78       0x34 ./drivers/src/stm32f407xx.o
 .debug_macro   0x0000000000000dac       0x16 ./drivers/src/stm32f407xx.o
 .debug_macro   0x0000000000000dc2       0x57 ./drivers/src/stm32f407xx.o
 .debug_macro   0x0000000000000e19       0x97 ./drivers/src/stm32f407xx.o
 .debug_macro   0x0000000000000eb0      0x341 ./drivers/src/stm32f407xx.o
 .debug_macro   0x00000000000011f1       0xfd ./drivers/src/stm32f407xx.o
 .debug_macro   0x00000000000012ee       0x10 ./drivers/src/stm32f407xx.o
 .debug_macro   0x00000000000012fe       0x16 ./drivers/src/stm32f407xx.o
 .debug_macro   0x0000000000001314       0x43 ./drivers/src/stm32f407xx.o
 .debug_macro   0x0000000000001357       0x34 ./drivers/src/stm32f407xx.o
 .debug_macro   0x000000000000138b       0x10 ./drivers/src/stm32f407xx.o
 .debug_macro   0x000000000000139b       0x58 ./drivers/src/stm32f407xx.o
 .debug_macro   0x00000000000013f3      0x182 ./drivers/src/stm32f407xx.o
 .debug_macro   0x0000000000001575       0x10 ./drivers/src/stm32f407xx.o
 .debug_macro   0x0000000000001585       0x6a ./drivers/src/stm32f407xx.o
 .debug_macro   0x00000000000015ef       0x1c ./drivers/src/stm32f407xx.o
 .debug_macro   0x000000000000160b       0x52 ./drivers/src/stm32f407xx.o
 .debug_macro   0x000000000000165d       0x22 ./drivers/src/stm32f407xx.o
 .debug_macro   0x000000000000167f       0x10 ./drivers/src/stm32f407xx.o
 .debug_macro   0x000000000000168f       0x52 ./drivers/src/stm32f407xx.o
 .debug_macro   0x00000000000016e1       0xd5 ./drivers/src/stm32f407xx.o
 .debug_macro   0x00000000000017b6       0x1c ./drivers/src/stm32f407xx.o
 .debug_macro   0x00000000000017d2       0x3d ./drivers/src/stm32f407xx.o
 .debug_macro   0x000000000000180f       0x16 ./drivers/src/stm32f407xx.o
 .debug_macro   0x0000000000001825      0x16f ./drivers/src/stm32f407xx.o
 .debug_macro   0x0000000000001994      0x64d ./drivers/src/stm32f407xx.o
 .debug_macro   0x0000000000001fe1      0x1ae ./drivers/src/stm32f407xx_exti_driver.o
 .debug_macro   0x000000000000218f       0xc4 ./drivers/src/stm32f407xx_exti_driver.o
 .debug_macro   0x0000000000002253      0x1d2 ./drivers/src/stm32f407xx_gpio_driver.o
 .debug_macro   0x0000000000002425       0xca ./drivers/src/stm32f407xx_gpio_driver.o
 .debug_macro   0x00000000000024ef       0x4c ./drivers/src/stm32f407xx_gpio_driver.o
 .debug_macro   0x000000000000253b       0x1c ./drivers/src/stm32f407xx_gpio_driver.o
 .debug_macro   0x0000000000002557       0xd0 ./drivers/src/stm32f407xx_gpio_driver.o
 .debug_macro   0x0000000000002627       0x46 ./drivers/src/stm32f407xx_gpio_driver.o
 .debug_macro   0x000000000000266d      0x1ae ./drivers/src/stm32f407xx_nvic_driver.o
 .debug_macro   0x000000000000281b       0x40 ./drivers/src/stm32f407xx_nvic_driver.o
 .debug_macro   0x000000000000285b      0x20b ./src/005button_interrupt.o
 .debug_macro   0x0000000000002a66      0x174 ./src/005button_interrupt.o
 .debug_macro   0x0000000000002bda       0x10 ./src/005button_interrupt.o
 .debug_macro   0x0000000000002bea       0x35 ./src/005button_interrupt.o
 .debug_macro   0x0000000000002c1f       0x20 ./src/005button_interrupt.o
 .debug_macro   0x0000000000002c3f       0x1c ./src/005button_interrupt.o

.debug_line     0x0000000000000000     0x1d62
 .debug_line    0x0000000000000000      0x500 ./drivers/src/stm32f407xx.o
 .debug_line    0x0000000000000500      0x567 ./drivers/src/stm32f407xx_exti_driver.o
 .debug_line    0x0000000000000a67      0x749 ./drivers/src/stm32f407xx_gpio_driver.o
 .debug_line    0x00000000000011b0      0x532 ./drivers/src/stm32f407xx_nvic_driver.o
 .debug_line    0x00000000000016e2      0x604 ./src/005button_interrupt.o
 .debug_line    0x0000000000001ce6       0x7c ./startup/startup_stm32.o

.debug_str      0x0000000000000000     0x952b
 .debug_str     0x0000000000000000     0x81b5 ./drivers/src/stm32f407xx.o
                                       0x8319 (size before relaxing)
 .debug_str     0x00000000000081b5      0x6e6 ./drivers/src/stm32f407xx_exti_driver.o
                                       0x89cc (size before relaxing)
 .debug_str     0x000000000000889b      0xb24 ./drivers/src/stm32f407xx_gpio_driver.o
                                       0x9482 (size before relaxing)
 .debug_str     0x00000000000093bf       0x61 ./drivers/src/stm32f407xx_nvic_driver.o
                                       0x84f1 (size before relaxing)
 .debug_str     0x0000000000009420       0xe2 ./src/005button_interrupt.o
                                       0x9123 (size before relaxing)
 .debug_str     0x0000000000009502       0x29 ./startup/startup_stm32.o
                                         0x71 (size before relaxing)

.comment        0x0000000000000000       0x50
 .comment       0x0000000000000000       0x50 ./drivers/src/stm32f407xx.o
                                         0x51 (size before relaxing)
 .comment       0x0000000000000050       0x51 ./drivers/src/stm32f407xx_exti_driver.o
 .comment       0x0000000000000050       0x51 ./drivers/src/stm32f407xx_gpio_driver.o
 .comment       0x0000000000000050       0x51 ./drivers/src/stm32f407xx_nvic_driver.o
 .comment       0x0000000000000050       0x51 ./src/005button_interrupt.o

.debug_frame    0x0000000000000000      0x61c
 .debug_frame   0x0000000000000000       0x38 ./drivers/src/stm32f407xx.o
 .debug_frame   0x0000000000000038       0xac ./drivers/src/stm32f407xx_exti_driver.o
 .debug_frame   0x00000000000000e4      0x284 ./drivers/src/stm32f407xx_gpio_driver.o
 .debug_frame   0x0000000000000368       0x60 ./drivers/src/stm32f407xx_nvic_driver.o
 .debug_frame   0x00000000000003c8       0x74 ./src/005button_interrupt.o
 .debug_frame   0x000000000000043c       0x2c c:/st/stm32cubeide_1.11.0/stm32cubeide/plugins/com.st.stm32cube.ide.mcu.externaltools.gnu-tools-for-stm32.10.3-2021.10.win32_1.0.200.202301161003/tools/bin/../lib/gcc/arm-none-eabi/10.3.1/../../../../arm-none-eabi/lib/thumb/v7e-m/nofp\libc.a(lib_a-init.o)
 .debug_frame   0x0000000000000468       0x20 c:/st/stm32cubeide_1.11.0/stm32cubeide/plugins/com.st.stm32cube.ide.mcu.externaltools.gnu-tools-for-stm32.10.3-2021.10.win32_1.0.200.202301161003/tools/bin/../lib/gcc/arm-none-eabi/10.3.1/../../../../arm-none-eabi/lib/thumb/v7e-m/nofp\libc.a(lib_a-memset.o)
 .debug_frame   0x0000000000000488       0x58 c:/st/stm32cubeide_1.11.0/stm32cubeide/plugins/com.st.stm32cube.ide.mcu.externaltools.gnu-tools-for-stm32.10.3-2021.10.win32_1.0.200.202301161003/tools/bin/../lib/gcc/arm-none-eabi/10.3.1/../../../../arm-none-eabi/lib/thumb/v7e-m/nofp\libc.a(lib_a-__call_atexit.o)
 .debug_frame   0x00000000000004e0       0x20 c:/st/stm32cubeide_1.11.0/stm32cubeide/plugins/com.st.stm32cube.ide.mcu.externaltools.gnu-tools-for-stm32.10.3-2021.10.win32_1.0.200.202301161003/tools/bin/../lib/gcc/arm-none-eabi/10.3.1/../../../../arm-none-eabi/lib/thumb/v7e-m/nofp\libc.a(lib_a-atexit.o)
 .debug_frame   0x0000000000000500       0x38 c:/st/stm32cubeide_1.11.0/stm32cubeide/plugins/com.st.stm32cube.ide.mcu.externaltools.gnu-tools-for-stm32.10.3-2021.10.win32_1.0.200.202301161003/tools/bin/../lib/gcc/arm-none-eabi/10.3.1/../../../../arm-none-eabi/lib/thumb/v7e-m/nofp\libc.a(lib_a-fini.o)
 .debug_frame   0x0000000000000538       0xb0 c:/st/stm32cubeide_1.11.0/stm32cubeide/plugins/com.st.stm32cube.ide.mcu.externaltools.gnu-tools-for-stm32.10.3-2021.10.win32_1.0.200.202301161003/tools/bin/../lib/gcc/arm-none-eabi/10.3.1/../../../../arm-none-eabi/lib/thumb/v7e-m/nofp\libc.a(lib_a-lock.o)
 .debug_frame   0x00000000000005e8       0x34 c:/st/stm32cubeide_1.11.0/stm32cubeide/plugins/com.st.stm32cube.ide.mcu.externaltools.gnu-tools-for-stm32.10.3-2021.10.win32_1.0.200.202301161003/tools/bin/../lib/gcc/arm-none-eabi/10.3.1/../../../../arm-none-eabi/lib/thumb/v7e-m/nofp\libc.a(lib_a-__atexit.o)
