17:10:47 **** Incremental Build of configuration Debug for project stm32f4xx_drivers ****
make all 
arm-none-eabi-gcc "../src/017rtc_lcd.c" -mcpu=cortex-m4 -std=gnu11 -g3 -DSTM32 -DSTM32F4 -DSTM32F407VGTx -DSTM32F407G_DISC1 -DDEBUG -c -I"C:/Users/Prajwal Dikonda/Desktop/STM32 Projects/stm32f4xx_drivers/drivers/inc" -I"C:/Users/Prajwal Dikonda/Desktop/STM32 Projects/stm32f4xx_drivers/bsp" -O0 -ffunction-sections -Wall -fstack-usage -fcyclomatic-complexity -MMD -MP -MF"src/017rtc_lcd.d" -MT"src/017rtc_lcd.o"  -mfloat-abi=soft -mthumb -o "src/017rtc_lcd.o"
arm-none-eabi-gcc "../drivers/src/stm32f407xx.c" -mcpu=cortex-m4 -std=gnu11 -g3 -DSTM32 -DSTM32F4 -DSTM32F407VGTx -DSTM32F407G_DISC1 -DDEBUG -c -I"C:/Users/Prajwal Dikonda/Desktop/STM32 Projects/stm32f4xx_drivers/drivers/inc" -I"C:/Users/Prajwal Dikonda/Desktop/STM32 Projects/stm32f4xx_drivers/bsp" -O0 -ffunction-sections -Wall -fstack-usage -fcyclomatic-complexity -MMD -MP -MF"drivers/src/stm32f407xx.d" -MT"drivers/src/stm32f407xx.o"  -mfloat-abi=soft -mthumb -o "drivers/src/stm32f407xx.o"
arm-none-eabi-gcc "../drivers/src/stm32f407xx_exti_driver.c" -mcpu=cortex-m4 -std=gnu11 -g3 -DSTM32 -DSTM32F4 -DSTM32F407VGTx -DSTM32F407G_DISC1 -DDEBUG -c -I"C:/Users/Prajwal Dikonda/Desktop/STM32 Projects/stm32f4xx_drivers/drivers/inc" -I"C:/Users/Prajwal Dikonda/Desktop/STM32 Projects/stm32f4xx_drivers/bsp" -O0 -ffunction-sections -Wall -fstack-usage -fcyclomatic-complexity -MMD -MP -MF"drivers/src/stm32f407xx_exti_driver.d" -MT"drivers/src/stm32f407xx_exti_driver.o"  -mfloat-abi=soft -mthumb -o "drivers/src/stm32f407xx_exti_driver.o"
arm-none-eabi-gcc "../drivers/src/stm32f407xx_gpio_driver.c" -mcpu=cortex-m4 -std=gnu11 -g3 -DSTM32 -DSTM32F4 -DSTM32F407VGTx -DSTM32F407G_DISC1 -DDEBUG -c -I"C:/Users/Prajwal Dikonda/Desktop/STM32 Projects/stm32f4xx_drivers/drivers/inc" -I"C:/Users/Prajwal Dikonda/Desktop/STM32 Projects/stm32f4xx_drivers/bsp" -O0 -ffunction-sections -Wall -fstack-usage -fcyclomatic-complexity -MMD -MP -MF"drivers/src/stm32f407xx_gpio_driver.d" -MT"drivers/src/stm32f407xx_gpio_driver.o"  -mfloat-abi=soft -mthumb -o "drivers/src/stm32f407xx_gpio_driver.o"
arm-none-eabi-gcc "../drivers/src/stm32f407xx_i2c_driver.c" -mcpu=cortex-m4 -std=gnu11 -g3 -DSTM32 -DSTM32F4 -DSTM32F407VGTx -DSTM32F407G_DISC1 -DDEBUG -c -I"C:/Users/Prajwal Dikonda/Desktop/STM32 Projects/stm32f4xx_drivers/drivers/inc" -I"C:/Users/Prajwal Dikonda/Desktop/STM32 Projects/stm32f4xx_drivers/bsp" -O0 -ffunction-sections -Wall -fstack-usage -fcyclomatic-complexity -MMD -MP -MF"drivers/src/stm32f407xx_i2c_driver.d" -MT"drivers/src/stm32f407xx_i2c_driver.o"  -mfloat-abi=soft -mthumb -o "drivers/src/stm32f407xx_i2c_driver.o"
arm-none-eabi-gcc "../drivers/src/stm32f407xx_nvic_driver.c" -mcpu=cortex-m4 -std=gnu11 -g3 -DSTM32 -DSTM32F4 -DSTM32F407VGTx -DSTM32F407G_DISC1 -DDEBUG -c -I"C:/Users/Prajwal Dikonda/Desktop/STM32 Projects/stm32f4xx_drivers/drivers/inc" -I"C:/Users/Prajwal Dikonda/Desktop/STM32 Projects/stm32f4xx_drivers/bsp" -O0 -ffunction-sections -Wall -fstack-usage -fcyclomatic-complexity -MMD -MP -MF"drivers/src/stm32f407xx_nvic_driver.d" -MT"drivers/src/stm32f407xx_nvic_driver.o"  -mfloat-abi=soft -mthumb -o "drivers/src/stm32f407xx_nvic_driver.o"
arm-none-eabi-gcc "../drivers/src/stm32f407xx_rcc_driver.c" -mcpu=cortex-m4 -std=gnu11 -g3 -DSTM32 -DSTM32F4 -DSTM32F407VGTx -DSTM32F407G_DISC1 -DDEBUG -c -I"C:/Users/Prajwal Dikonda/Desktop/STM32 Projects/stm32f4xx_drivers/drivers/inc" -I"C:/Users/Prajwal Dikonda/Desktop/STM32 Projects/stm32f4xx_drivers/bsp" -O0 -ffunction-sections -Wall -fstack-usage -fcyclomatic-complexity -MMD -MP -MF"drivers/src/stm32f407xx_rcc_driver.d" -MT"drivers/src/stm32f407xx_rcc_driver.o"  -mfloat-abi=soft -mthumb -o "drivers/src/stm32f407xx_rcc_driver.o"
arm-none-eabi-gcc "../drivers/src/stm32f407xx_spi_driver.c" -mcpu=cortex-m4 -std=gnu11 -g3 -DSTM32 -DSTM32F4 -DSTM32F407VGTx -DSTM32F407G_DISC1 -DDEBUG -c -I"C:/Users/Prajwal Dikonda/Desktop/STM32 Projects/stm32f4xx_drivers/drivers/inc" -I"C:/Users/Prajwal Dikonda/Desktop/STM32 Projects/stm32f4xx_drivers/bsp" -O0 -ffunction-sections -Wall -fstack-usage -fcyclomatic-complexity -MMD -MP -MF"drivers/src/stm32f407xx_spi_driver.d" -MT"drivers/src/stm32f407xx_spi_driver.o"  -mfloat-abi=soft -mthumb -o "drivers/src/stm32f407xx_spi_driver.o"
arm-none-eabi-gcc "../drivers/src/stm32f407xx_usart_driver.c" -mcpu=cortex-m4 -std=gnu11 -g3 -DSTM32 -DSTM32F4 -DSTM32F407VGTx -DSTM32F407G_DISC1 -DDEBUG -c -I"C:/Users/Prajwal Dikonda/Desktop/STM32 Projects/stm32f4xx_drivers/drivers/inc" -I"C:/Users/Prajwal Dikonda/Desktop/STM32 Projects/stm32f4xx_drivers/bsp" -O0 -ffunction-sections -Wall -fstack-usage -fcyclomatic-complexity -MMD -MP -MF"drivers/src/stm32f407xx_usart_driver.d" -MT"drivers/src/stm32f407xx_usart_driver.o"  -mfloat-abi=soft -mthumb -o "drivers/src/stm32f407xx_usart_driver.o"
arm-none-eabi-gcc "../bsp/ds1307.c" -mcpu=cortex-m4 -std=gnu11 -g3 -DSTM32 -DSTM32F4 -DSTM32F407VGTx -DSTM32F407G_DISC1 -DDEBUG -c -I"C:/Users/Prajwal Dikonda/Desktop/STM32 Projects/stm32f4xx_drivers/drivers/inc" -I"C:/Users/Prajwal Dikonda/Desktop/STM32 Projects/stm32f4xx_drivers/bsp" -O0 -ffunction-sections -Wall -fstack-usage -fcyclomatic-complexity -MMD -MP -MF"bsp/ds1307.d" -MT"bsp/ds1307.o"  -mfloat-abi=soft -mthumb -o "bsp/ds1307.o"
arm-none-eabi-gcc "../bsp/lcd.c" -mcpu=cortex-m4 -std=gnu11 -g3 -DSTM32 -DSTM32F4 -DSTM32F407VGTx -DSTM32F407G_DISC1 -DDEBUG -c -I"C:/Users/Prajwal Dikonda/Desktop/STM32 Projects/stm32f4xx_drivers/drivers/inc" -I"C:/Users/Prajwal Dikonda/Desktop/STM32 Projects/stm32f4xx_drivers/bsp" -O0 -ffunction-sections -Wall -fstack-usage -fcyclomatic-complexity -MMD -MP -MF"bsp/lcd.d" -MT"bsp/lcd.o"  -mfloat-abi=soft -mthumb -o "bsp/lcd.o"
arm-none-eabi-gcc -o "stm32f4xx_drivers.elf" @"objects.list"   -mcpu=cortex-m4 -T"C:\Users\Prajwal Dikonda\Desktop\STM32 Projects\stm32f4xx_drivers\LinkerScript.ld" -Wl,-Map="stm32f4xx_drivers.map" -Wl,--gc-sections -static -specs=rdimon.specs -lc -lrdimon  -mfloat-abi=soft -mthumb -Wl,--start-group -lc -lm -Wl,--end-group
Finished building target: stm32f4xx_drivers.elf
 
arm-none-eabi-size   stm32f4xx_drivers.elf 
   text	   data	    bss	    dec	    hex	filename
  32872	   3016	   1348	  37236	   9174	stm32f4xx_drivers.elf
Finished building: default.size.stdout
 
arm-none-eabi-objdump -h -S  stm32f4xx_drivers.elf  > "stm32f4xx_drivers.list"
Finished building: stm32f4xx_drivers.list
 
arm-none-eabi-objcopy  -O binary  stm32f4xx_drivers.elf  "stm32f4xx_drivers.bin"
Finished building: stm32f4xx_drivers.bin
 
